###############################################################################
#
# IAR ELF Linker V9.30.1.335/W64 for ARM                  11/Dec/2025  17:31:20
# Copyright 2007-2022 IAR Systems AB.
#
#    Output file  =
#        E:\RTOS\GD32\gd32c2x1c8\GD32C231C_EVAL_Demo_Suites\Projects\03_EXTI_Key_Interrupt_mode\EWARM\GD32C2x1\Exe\Project.out
#    Map file     =
#        E:\RTOS\GD32\gd32c2x1c8\GD32C231C_EVAL_Demo_Suites\Projects\03_EXTI_Key_Interrupt_mode\EWARM\GD32C2x1\List\Project.map
#    Command line =
#        -f
#        E:\RTOS\GD32\gd32c2x1c8\GD32C231C_EVAL_Demo_Suites\Projects\03_EXTI_Key_Interrupt_mode\EWARM\GD32C2x1\Exe\Project.out.rsp
#        (E:\RTOS\GD32\gd32c2x1c8\GD32C231C_EVAL_Demo_Suites\Projects\03_EXTI_Key_Interrupt_mode\EWARM\GD32C2x1\Obj\GD32C2x1_EVAL\gd32c231c_eval.o
#        E:\RTOS\GD32\gd32c2x1c8\GD32C231C_EVAL_Demo_Suites\Projects\03_EXTI_Key_Interrupt_mode\EWARM\GD32C2x1\Obj\GD32C2x1_Peripherals\gd32c2x1_adc.o
#        E:\RTOS\GD32\gd32c2x1c8\GD32C231C_EVAL_Demo_Suites\Projects\03_EXTI_Key_Interrupt_mode\EWARM\GD32C2x1\Obj\GD32C2x1_Peripherals\gd32c2x1_cmp.o
#        E:\RTOS\GD32\gd32c2x1c8\GD32C231C_EVAL_Demo_Suites\Projects\03_EXTI_Key_Interrupt_mode\EWARM\GD32C2x1\Obj\GD32C2x1_Peripherals\gd32c2x1_crc.o
#        E:\RTOS\GD32\gd32c2x1c8\GD32C231C_EVAL_Demo_Suites\Projects\03_EXTI_Key_Interrupt_mode\EWARM\GD32C2x1\Obj\GD32C2x1_Peripherals\gd32c2x1_dbg.o
#        E:\RTOS\GD32\gd32c2x1c8\GD32C231C_EVAL_Demo_Suites\Projects\03_EXTI_Key_Interrupt_mode\EWARM\GD32C2x1\Obj\GD32C2x1_Peripherals\gd32c2x1_dma.o
#        E:\RTOS\GD32\gd32c2x1c8\GD32C231C_EVAL_Demo_Suites\Projects\03_EXTI_Key_Interrupt_mode\EWARM\GD32C2x1\Obj\CMSIS\gd32c2x1_err_report.o
#        E:\RTOS\GD32\gd32c2x1c8\GD32C231C_EVAL_Demo_Suites\Projects\03_EXTI_Key_Interrupt_mode\EWARM\GD32C2x1\Obj\GD32C2x1_Peripherals\gd32c2x1_exti.o
#        E:\RTOS\GD32\gd32c2x1c8\GD32C231C_EVAL_Demo_Suites\Projects\03_EXTI_Key_Interrupt_mode\EWARM\GD32C2x1\Obj\GD32C2x1_Peripherals\gd32c2x1_fmc.o
#        E:\RTOS\GD32\gd32c2x1c8\GD32C231C_EVAL_Demo_Suites\Projects\03_EXTI_Key_Interrupt_mode\EWARM\GD32C2x1\Obj\GD32C2x1_Peripherals\gd32c2x1_fwdgt.o
#        E:\RTOS\GD32\gd32c2x1c8\GD32C231C_EVAL_Demo_Suites\Projects\03_EXTI_Key_Interrupt_mode\EWARM\GD32C2x1\Obj\GD32C2x1_Peripherals\gd32c2x1_gpio.o
#        E:\RTOS\GD32\gd32c2x1c8\GD32C231C_EVAL_Demo_Suites\Projects\03_EXTI_Key_Interrupt_mode\EWARM\GD32C2x1\Obj\GD32C2x1_Peripherals\gd32c2x1_i2c.o
#        E:\RTOS\GD32\gd32c2x1c8\GD32C231C_EVAL_Demo_Suites\Projects\03_EXTI_Key_Interrupt_mode\EWARM\GD32C2x1\Obj\Application\gd32c2x1_it.o
#        E:\RTOS\GD32\gd32c2x1c8\GD32C231C_EVAL_Demo_Suites\Projects\03_EXTI_Key_Interrupt_mode\EWARM\GD32C2x1\Obj\GD32C2x1_Peripherals\gd32c2x1_misc.o
#        E:\RTOS\GD32\gd32c2x1c8\GD32C231C_EVAL_Demo_Suites\Projects\03_EXTI_Key_Interrupt_mode\EWARM\GD32C2x1\Obj\GD32C2x1_Peripherals\gd32c2x1_pmu.o
#        E:\RTOS\GD32\gd32c2x1c8\GD32C231C_EVAL_Demo_Suites\Projects\03_EXTI_Key_Interrupt_mode\EWARM\GD32C2x1\Obj\GD32C2x1_Peripherals\gd32c2x1_rcu.o
#        E:\RTOS\GD32\gd32c2x1c8\GD32C231C_EVAL_Demo_Suites\Projects\03_EXTI_Key_Interrupt_mode\EWARM\GD32C2x1\Obj\GD32C2x1_Peripherals\gd32c2x1_rtc.o
#        E:\RTOS\GD32\gd32c2x1c8\GD32C231C_EVAL_Demo_Suites\Projects\03_EXTI_Key_Interrupt_mode\EWARM\GD32C2x1\Obj\GD32C2x1_Peripherals\gd32c2x1_spi.o
#        E:\RTOS\GD32\gd32c2x1c8\GD32C231C_EVAL_Demo_Suites\Projects\03_EXTI_Key_Interrupt_mode\EWARM\GD32C2x1\Obj\GD32C2x1_Peripherals\gd32c2x1_syscfg.o
#        E:\RTOS\GD32\gd32c2x1c8\GD32C231C_EVAL_Demo_Suites\Projects\03_EXTI_Key_Interrupt_mode\EWARM\GD32C2x1\Obj\GD32C2x1_Peripherals\gd32c2x1_timer.o
#        E:\RTOS\GD32\gd32c2x1c8\GD32C231C_EVAL_Demo_Suites\Projects\03_EXTI_Key_Interrupt_mode\EWARM\GD32C2x1\Obj\GD32C2x1_Peripherals\gd32c2x1_usart.o
#        E:\RTOS\GD32\gd32c2x1c8\GD32C231C_EVAL_Demo_Suites\Projects\03_EXTI_Key_Interrupt_mode\EWARM\GD32C2x1\Obj\GD32C2x1_Peripherals\gd32c2x1_wwdgt.o
#        E:\RTOS\GD32\gd32c2x1c8\GD32C231C_EVAL_Demo_Suites\Projects\03_EXTI_Key_Interrupt_mode\EWARM\GD32C2x1\Obj\Application\main.o
#        E:\RTOS\GD32\gd32c2x1c8\GD32C231C_EVAL_Demo_Suites\Projects\03_EXTI_Key_Interrupt_mode\EWARM\GD32C2x1\Obj\Startup\startup_gd32c2x1.o
#        E:\RTOS\GD32\gd32c2x1c8\GD32C231C_EVAL_Demo_Suites\Projects\03_EXTI_Key_Interrupt_mode\EWARM\GD32C2x1\Obj\CMSIS\system_gd32c2x1.o
#        E:\RTOS\GD32\gd32c2x1c8\GD32C231C_EVAL_Demo_Suites\Projects\03_EXTI_Key_Interrupt_mode\EWARM\GD32C2x1\Obj\Application\systick.o
#        --no_out_extension -o
#        E:\RTOS\GD32\gd32c2x1c8\GD32C231C_EVAL_Demo_Suites\Projects\03_EXTI_Key_Interrupt_mode\EWARM\GD32C2x1\Exe\Project.out
#        --map
#        E:\RTOS\GD32\gd32c2x1c8\GD32C231C_EVAL_Demo_Suites\Projects\03_EXTI_Key_Interrupt_mode\EWARM\GD32C2x1\List\Project.map
#        --config D:\EIDE\IAR\arm/config/linker/GD/GD32C231x8.icf --semihosting
#        --entry __iar_program_start --vfe --text_out locale
#        --cpu=Cortex-M23.no_se --fpu=None)
#
###############################################################################

*******************************************************************************
*** RUNTIME MODEL ATTRIBUTES
***

CppFlavor       = *
__CPP_Runtime   = 1
__SystemLibrary = DLib
__dlib_version  = 6


*******************************************************************************
*** HEAP SELECTION
***

The basic heap was selected because --advanced_heap
was not specified and the application did not appear to
be primarily optimized for speed.


*******************************************************************************
*** PLACEMENT SUMMARY
***

"A0":  place at address 0x800'0000 { ro section .intvec };
"P1":  place in [from 0x800'0000 to 0x800'ffff] { ro };
define block CSTACK with size = 1K, alignment = 32 { };
define block HEAP with size = 1K, alignment = 32 { };
"P2":  place in [from 0x2000'0000 to 0x2000'2fff] {
          rw, block CSTACK, block HEAP };
initialize by copy { rw };

  Section            Kind         Address    Size  Object
  -------            ----         -------    ----  ------
"A0":                                        0xdc
  .intvec            ro code   0x800'0000    0xdc  startup_gd32c2x1.o [5]
                             - 0x800'00dc    0xdc

"P1":                                      0x115d
  .text              ro code   0x800'00dc   0x214  gd32c2x1_rcu.o [4]
  .text              ro code   0x800'02f0    0x34  ABImemcpy.o [7]
  .text              ro code   0x800'0324   0x1c0  main.o [1]
  .text              ro code   0x800'04e4   0x100  systick.o [1]
  .text              ro code   0x800'05e4    0x28  printf.o [6]
  .text              ro code   0x800'060c   0x192  gd32c2x1_gpio.o [4]
  .text              ro code   0x800'079e    0x3e  packbits_init_single.o [7]
  .text              ro code   0x800'07dc    0xd0  gd32c2x1_misc.o [4]
  .text              ro code   0x800'08ac    0x98  gd32c2x1_syscfg.o [4]
  .text              ro code   0x800'0944    0xb4  gd32c2x1_exti.o [4]
  .text              ro code   0x800'09f8    0x64  gd32c2x1_pmu.o [4]
  .text              ro code   0x800'0a5c   0x1b2  gd32c2x1_usart.o [4]
  .text              ro code   0x800'0c0e   0x17e  xprintftiny.o [6]
  .text              ro code   0x800'0d8c    0x14  I32DivMod7R.o [7]
  .text              ro code   0x800'0da0     0xe  strlen.o [7]
  .text              ro code   0x800'0db0    0xd8  system_gd32c2x1.o [2]
  .text              ro code   0x800'0e88    0x70  gd32c2x1_it.o [1]
  .text              ro code   0x800'0ef8    0x64  gd32c231c_eval.o [3]
  .text              ro code   0x800'0f5c    0x44  putchar.o [6]
  .text              ro code   0x800'0fa0    0x3c  zero_init3.o [7]
  .text              ro code   0x800'0fdc    0x38  startup_gd32c2x1.o [5]
  .text              ro code   0x800'1014    0x28  data_init.o [7]
  .iar.init_table    const     0x800'103c    0x20  - Linker created -
  .rodata            const     0x800'105c    0x20  main.o [1]
  .text              ro code   0x800'107c    0x1e  cmain.o [7]
  .text              ro code   0x800'109a     0x4  low_level_init.o [6]
  .text              ro code   0x800'109e     0x8  exit.o [6]
  .text              ro code   0x800'10a8     0xa  cexit.o [7]
  .text              ro code   0x800'10b4    0x14  exit.o [8]
  .rodata            const     0x800'10c8    0x1c  main.o [1]
  .text              ro code   0x800'10e4    0x1c  cstartup_M.o [7]
  .rodata            const     0x800'1100    0x18  gd32c2x1_rcu.o [4]
  .text              ro code   0x800'1118    0x16  xprout.o [6]
  .rodata            const     0x800'1130    0x14  main.o [1]
  .rodata            const     0x800'1144    0x10  gd32c2x1_rcu.o [4]
  .rodata            const     0x800'1154    0x10  main.o [1]
  .rodata            const     0x800'1164     0x8  gd32c2x1_rcu.o [4]
  .rodata            const     0x800'116c     0x8  gd32c2x1_rcu.o [4]
  .rodata            const     0x800'1174     0x8  gd32c2x1_rcu.o [4]
  .text              ro code   0x800'117c     0x4  startup_gd32c2x1.o [5]
  .text              ro code   0x800'1180     0x4  startup_gd32c2x1.o [5]
  .text              ro code   0x800'1184     0x4  startup_gd32c2x1.o [5]
  .text              ro code   0x800'1188     0x4  startup_gd32c2x1.o [5]
  .text              ro code   0x800'118c     0x4  startup_gd32c2x1.o [5]
  .text              ro code   0x800'1190     0x4  startup_gd32c2x1.o [5]
  .text              ro code   0x800'1194     0x4  startup_gd32c2x1.o [5]
  .text              ro code   0x800'1198     0x4  startup_gd32c2x1.o [5]
  .text              ro code   0x800'119c     0x4  startup_gd32c2x1.o [5]
  .text              ro code   0x800'11a0     0x4  startup_gd32c2x1.o [5]
  .text              ro code   0x800'11a4     0x4  startup_gd32c2x1.o [5]
  .text              ro code   0x800'11a8     0x4  startup_gd32c2x1.o [5]
  .text              ro code   0x800'11ac     0x4  startup_gd32c2x1.o [5]
  .text              ro code   0x800'11b0     0x4  startup_gd32c2x1.o [5]
  .text              ro code   0x800'11b4     0x4  startup_gd32c2x1.o [5]
  .text              ro code   0x800'11b8     0x4  startup_gd32c2x1.o [5]
  .text              ro code   0x800'11bc     0x4  startup_gd32c2x1.o [5]
  .text              ro code   0x800'11c0     0x4  startup_gd32c2x1.o [5]
  .text              ro code   0x800'11c4     0x4  startup_gd32c2x1.o [5]
  .text              ro code   0x800'11c8     0x4  startup_gd32c2x1.o [5]
  .text              ro code   0x800'11cc     0x4  startup_gd32c2x1.o [5]
  .text              ro code   0x800'11d0     0x4  startup_gd32c2x1.o [5]
  .text              ro code   0x800'11d4     0x4  startup_gd32c2x1.o [5]
  .text              ro code   0x800'11d8     0x4  startup_gd32c2x1.o [5]
  .text              ro code   0x800'11dc     0x4  startup_gd32c2x1.o [5]
  .text              ro code   0x800'11e0     0x4  startup_gd32c2x1.o [5]
  .text              ro code   0x800'11e4     0x4  startup_gd32c2x1.o [5]
  .text              ro code   0x800'11e8     0x4  startup_gd32c2x1.o [5]
  .text              ro code   0x800'11ec     0x4  startup_gd32c2x1.o [5]
  .text              ro code   0x800'11f0     0x4  startup_gd32c2x1.o [5]
  .text              ro code   0x800'11f4     0x4  startup_gd32c2x1.o [5]
  .text              ro code   0x800'11f8     0x4  startup_gd32c2x1.o [5]
  .text              ro code   0x800'11fc     0x4  startup_gd32c2x1.o [5]
  .text              ro code   0x800'1200     0x4  startup_gd32c2x1.o [5]
  .text              ro code   0x800'1204     0x4  startup_gd32c2x1.o [5]
  .text              ro code   0x800'1208     0x4  startup_gd32c2x1.o [5]
  .rodata            const     0x800'120c     0x0  zero_init3.o [7]
  .rodata            const     0x800'120c     0x0  packbits_init_single.o [7]
  Initializer bytes  const     0x800'120c    0x2d  <for P2-1>
                             - 0x800'1239  0x115d

"P2", part 1 of 3:                           0x4c
  P2-1                        0x2000'0000    0x4c  <Init block>
    .data            inited   0x2000'0000     0x4  system_gd32c2x1.o [2]
    .data            inited   0x2000'0004    0x48  xfiles.o [6]
                            - 0x2000'004c    0x4c

"P2", part 2 of 3:                           0x58
  .bss               zero     0x2000'004c    0x50  xfiles.o [6]
  .bss               zero     0x2000'009c     0x4  systick.o [1]
  .bss               zero     0x2000'00a0     0x1  gd32c2x1_it.o [1]
                            - 0x2000'00a1    0x55

"P2", part 3 of 3:                          0x400
  CSTACK                      0x2000'00c0   0x400  <Block>
    CSTACK           uninit   0x2000'00c0   0x400  <Block tail>
                            - 0x2000'04c0   0x400

Unused ranges:

         From           To    Size
         ----           --    ----
   0x800'1239   0x800'ffff  0xedc7
  0x2000'00a4  0x2000'00bf    0x1c
  0x2000'04c0  0x2000'2fff  0x2b40


*******************************************************************************
*** INIT TABLE
***

          Address      Size
          -------      ----
Zero (__iar_zero_init3)
    1 destination range, total size 0x55:
          0x2000'004c  0x55

Copy/packbits (__iar_packbits_init_single3)
    1 source range, total size 0x2d (59% of destination):
           0x800'120c  0x2d
    1 destination range, total size 0x4c:
          0x2000'0000  0x4c



*******************************************************************************
*** MODULE SUMMARY
***

    Module                  ro code  ro data  rw data
    ------                  -------  -------  -------
command line/config:
    -------------------------------------------------
    Total:

E:\RTOS\GD32\gd32c2x1c8\GD32C231C_EVAL_Demo_Suites\Projects\03_EXTI_Key_Interrupt_mode\EWARM\GD32C2x1\Obj\Application: [1]
    gd32c2x1_it.o               112                 1
    main.o                      448       96
    systick.o                   256                 4
    -------------------------------------------------
    Total:                      816       96        5

E:\RTOS\GD32\gd32c2x1c8\GD32C231C_EVAL_Demo_Suites\Projects\03_EXTI_Key_Interrupt_mode\EWARM\GD32C2x1\Obj\CMSIS: [2]
    system_gd32c2x1.o           216        2        4
    -------------------------------------------------
    Total:                      216        2        4

E:\RTOS\GD32\gd32c2x1c8\GD32C231C_EVAL_Demo_Suites\Projects\03_EXTI_Key_Interrupt_mode\EWARM\GD32C2x1\Obj\GD32C2x1_EVAL: [3]
    gd32c231c_eval.o            100
    -------------------------------------------------
    Total:                      100

E:\RTOS\GD32\gd32c2x1c8\GD32C231C_EVAL_Demo_Suites\Projects\03_EXTI_Key_Interrupt_mode\EWARM\GD32C2x1\Obj\GD32C2x1_Peripherals: [4]
    gd32c2x1_exti.o             180
    gd32c2x1_gpio.o             402
    gd32c2x1_misc.o             208
    gd32c2x1_pmu.o              100
    gd32c2x1_rcu.o              532       64
    gd32c2x1_syscfg.o           152
    gd32c2x1_usart.o            434
    -------------------------------------------------
    Total:                    2'008       64

E:\RTOS\GD32\gd32c2x1c8\GD32C231C_EVAL_Demo_Suites\Projects\03_EXTI_Key_Interrupt_mode\EWARM\GD32C2x1\Obj\Startup: [5]
    startup_gd32c2x1.o          420
    -------------------------------------------------
    Total:                      420

dl6M_tlf.a: [6]
    exit.o                        8
    low_level_init.o              4
    printf.o                     40
    putchar.o                    68
    xfiles.o                              43      152
    xprintftiny.o               382
    xprout.o                     22
    -------------------------------------------------
    Total:                      524       43      152

rt6M_tl.a: [7]
    ABImemcpy.o                  52
    I32DivMod7R.o                20
    cexit.o                      10
    cmain.o                      30
    cstartup_M.o                 28
    data_init.o                  40
    packbits_init_single.o       62
    strlen.o                     14
    zero_init3.o                 60
    -------------------------------------------------
    Total:                      316

shb_l.a: [8]
    exit.o                       20
    -------------------------------------------------
    Total:                       20

    Gaps                          6        2
    Linker created                        32    1'024
-----------------------------------------------------
    Grand Total:              4'426      239    1'185


*******************************************************************************
*** ENTRY LIST
***

Entry                       Address   Size  Type      Object
-----                       -------   ----  ----      ------
.iar.init_table$$Base    0x800'103c          --   Gb  - Linker created -
.iar.init_table$$Limit   0x800'105c          --   Gb  - Linker created -
?main                    0x800'107d         Code  Gb  cmain.o [7]
ADC_IRQHandler           0x800'11a9         Code  Wk  startup_gd32c2x1.o [5]
CMP0_IRQHandler          0x800'11f9         Code  Wk  startup_gd32c2x1.o [5]
CMP1_IRQHandler          0x800'11fd         Code  Wk  startup_gd32c2x1.o [5]
CSTACK$$Base            0x2000'00c0          --   Gb  - Linker created -
CSTACK$$Limit           0x2000'04c0          --   Gb  - Linker created -
DMAMUX_IRQHandler        0x800'11f5         Code  Wk  startup_gd32c2x1.o [5]
DMA_Channel0_IRQHandler
                         0x800'119d         Code  Wk  startup_gd32c2x1.o [5]
DMA_Channel1_IRQHandler
                         0x800'11a1         Code  Wk  startup_gd32c2x1.o [5]
DMA_Channel2_IRQHandler
                         0x800'11a5         Code  Wk  startup_gd32c2x1.o [5]
EXTI0_IRQHandler         0x800'118d         Code  Wk  startup_gd32c2x1.o [5]
EXTI10_15_IRQHandler     0x800'11f1         Code  Wk  startup_gd32c2x1.o [5]
EXTI1_IRQHandler         0x800'1191         Code  Wk  startup_gd32c2x1.o [5]
EXTI2_IRQHandler         0x800'1195         Code  Wk  startup_gd32c2x1.o [5]
EXTI3_IRQHandler         0x800'1199         Code  Wk  startup_gd32c2x1.o [5]
EXTI4_IRQHandler         0x800'0eb3   0x3c  Code  Gb  gd32c2x1_it.o [1]
EXTI5_9_IRQHandler       0x800'11d5         Code  Wk  startup_gd32c2x1.o [5]
FMC_IRQHandler           0x800'1185         Code  Wk  startup_gd32c2x1.o [5]
HardFault_Handler        0x800'0ea5    0x2  Code  Gb  gd32c2x1_it.o [1]
I2C0_ER_IRQHandler       0x800'11bd         Code  Wk  startup_gd32c2x1.o [5]
I2C0_EV_IRQHandler       0x800'11b9         Code  Wk  startup_gd32c2x1.o [5]
I2C0_WKUP_IRQHandler     0x800'1201         Code  Wk  startup_gd32c2x1.o [5]
I2C1_ER_IRQHandler       0x800'11c5         Code  Wk  startup_gd32c2x1.o [5]
I2C1_EV_IRQHandler       0x800'11c1         Code  Wk  startup_gd32c2x1.o [5]
I2C1_WKUP_IRQHandler     0x800'1205         Code  Wk  startup_gd32c2x1.o [5]
MyLowLevelPutchar        0x800'0ef9   0x24  Code  Gb  gd32c231c_eval.o [3]
NMI_Handler              0x800'0e89   0x1c  Code  Gb  gd32c2x1_it.o [1]
PendSV_Handler           0x800'0ea9    0x2  Code  Gb  gd32c2x1_it.o [1]
RCU_IRQHandler           0x800'1189         Code  Wk  startup_gd32c2x1.o [5]
RTC_Alarm_IRQHandler     0x800'11d1         Code  Wk  startup_gd32c2x1.o [5]
Region$$Table$$Base      0x800'103c          --   Gb  - Linker created -
Region$$Table$$Limit     0x800'105c          --   Gb  - Linker created -
Reset_Handler            0x800'0fdd         Code  Wk  startup_gd32c2x1.o [5]
SPI0_IRQHandler          0x800'11c9         Code  Wk  startup_gd32c2x1.o [5]
SPI1_IRQHandler          0x800'11cd         Code  Wk  startup_gd32c2x1.o [5]
SVC_Handler              0x800'0ea7    0x2  Code  Gb  gd32c2x1_it.o [1]
SysTick_Config           0x800'0559   0x30  Code  Lc  systick.o [1]
SysTick_Handler          0x800'0eab    0x8  Code  Gb  gd32c2x1_it.o [1]
SystemCoreClock         0x2000'0000    0x4  Data  Gb  system_gd32c2x1.o [2]
SystemInit               0x800'0db1   0x4c  Code  Gb  system_gd32c2x1.o [2]
TIMER0_Channel_IRQHandler
                         0x800'11dd         Code  Wk  startup_gd32c2x1.o [5]
TIMER0_TRG_CMT_UP_BRK_IRQHandler
                         0x800'11d9         Code  Wk  startup_gd32c2x1.o [5]
TIMER13_IRQHandler       0x800'11e5         Code  Wk  startup_gd32c2x1.o [5]
TIMER15_IRQHandler       0x800'11e9         Code  Wk  startup_gd32c2x1.o [5]
TIMER16_IRQHandler       0x800'11ed         Code  Wk  startup_gd32c2x1.o [5]
TIMER2_IRQHandler        0x800'11e1         Code  Wk  startup_gd32c2x1.o [5]
TIMESTAMP_IRQHandler     0x800'1181         Code  Wk  startup_gd32c2x1.o [5]
USART0_IRQHandler        0x800'11ad         Code  Wk  startup_gd32c2x1.o [5]
USART0_WKUP_IRQHandler   0x800'1209         Code  Wk  startup_gd32c2x1.o [5]
USART1_IRQHandler        0x800'11b1         Code  Wk  startup_gd32c2x1.o [5]
USART2_IRQHandler        0x800'11b5         Code  Wk  startup_gd32c2x1.o [5]
WWDGT_IRQHandler         0x800'117d         Code  Wk  startup_gd32c2x1.o [5]
_PrintfTiny              0x800'0c29  0x164  Code  Gb  xprintftiny.o [6]
_Prout                   0x800'1119   0x16  Code  Gb  xprout.o [6]
__ICFEDIT_region_RAM_end__ {Abs}
                        0x2000'2fff         Data  Gb  <internal module>
__ICFEDIT_region_RAM_start__ {Abs}
                        0x2000'0000         Data  Gb  <internal module>
__NVIC_EnableIRQ         0x800'07dd   0x1c  Code  Lc  gd32c2x1_misc.o [4]
__NVIC_SetPriority       0x800'07f9   0x74  Code  Lc  gd32c2x1_misc.o [4]
__NVIC_SetPriority       0x800'04e5   0x74  Code  Lc  systick.o [1]
__aeabi_memcpy4          0x800'02f1         Code  Gb  ABImemcpy.o [7]
__aeabi_memcpy8          0x800'02f1         Code  Gb  ABImemcpy.o [7]
__cmain                  0x800'107d         Code  Gb  cmain.o [7]
__exit                   0x800'10b5   0x14  Code  Gb  exit.o [8]
__iar_Stdout            0x2000'0004   0x48  Data  Gb  xfiles.o [6]
__iar_data_init3         0x800'1015   0x28  Code  Gb  data_init.o [7]
__iar_div_t2_uidiv       0x800'0d8d         Code  Gb  I32DivMod7R.o [7]
__iar_div_t2_uidivmod    0x800'0d95         Code  Gb  I32DivMod7R.o [7]
__iar_packbits_init_single3
                         0x800'079f   0x3e  Code  Gb  packbits_init_single.o [7]
__iar_program_start      0x800'10e5         Code  Gb  cstartup_M.o [7]
__iar_zero_init3         0x800'0fa1   0x3c  Code  Gb  zero_init3.o [7]
__low_level_init         0x800'109b    0x4  Code  Gb  low_level_init.o [6]
__vector_table           0x800'0000         Data  Gb  startup_gd32c2x1.o [5]
__write                  0x800'0f21   0x3c  Code  Gb  gd32c231c_eval.o [3]
_call_main               0x800'1089         Code  Gb  cmain.o [7]
_exit                    0x800'10a9         Code  Gb  cexit.o [7]
delay                   0x2000'009c    0x4  Data  Lc  systick.o [1]
delay_1ms                0x800'05ad    0xc  Code  Gb  systick.o [1]
delay_decrement          0x800'05b9   0x10  Code  Gb  systick.o [1]
exit                     0x800'109f    0x8  Code  Gb  exit.o [6]
exti_init                0x800'0945   0x7e  Code  Gb  gd32c2x1_exti.o [4]
exti_interrupt_flag_clear
                         0x800'09db    0x6  Code  Gb  gd32c2x1_exti.o [4]
exti_interrupt_flag_get
                         0x800'09c3   0x18  Code  Gb  gd32c2x1_exti.o [4]
gpio_af_set              0x800'070f   0x90  Code  Gb  gd32c2x1_gpio.o [4]
gpio_bit_reset           0x800'06db    0x8  Code  Gb  gd32c2x1_gpio.o [4]
gpio_bit_set             0x800'06d3    0x8  Code  Gb  gd32c2x1_gpio.o [4]
gpio_bit_write           0x800'06e3   0x16  Code  Gb  gd32c2x1_gpio.o [4]
gpio_input_bit_get       0x800'06f9   0x16  Code  Gb  gd32c2x1_gpio.o [4]
gpio_mode_set            0x800'060d   0x62  Code  Gb  gd32c2x1_gpio.o [4]
gpio_output_options_set
                         0x800'066f   0x64  Code  Gb  gd32c2x1_gpio.o [4]
main                     0x800'0325  0x100  Code  Gb  main.o [1]
nvic_irq_enable          0x800'086d   0x1c  Code  Gb  gd32c2x1_misc.o [4]
nvic_vector_table_set    0x800'0889   0x10  Code  Gb  gd32c2x1_misc.o [4]
obuf                    0x2000'004c   0x50  Data  Lc  xfiles.o [6]
out                      0x800'0c0f   0x1a  Code  Lc  xprintftiny.o [6]
pmu_to_deepsleepmode     0x800'09f9   0x46  Code  Gb  gd32c2x1_pmu.o [4]
pmu_wakeup_pin_enable    0x800'0a3f   0x10  Code  Gb  gd32c2x1_pmu.o [4]
printf                   0x800'05e5   0x28  Code  Gb  printf.o [6]
putchar                  0x800'0f5d   0x44  Code  Gb  putchar.o [6]
rcu_clock_freq_get       0x800'0169  0x160  Code  Gb  gd32c2x1_rcu.o [4]
rcu_irc48mdiv_sys_clock_config
                         0x800'014f   0x12  Code  Gb  gd32c2x1_rcu.o [4]
rcu_periph_clock_enable
                         0x800'00dd   0x26  Code  Gb  gd32c2x1_rcu.o [4]
rcu_periph_reset_disable
                         0x800'0129   0x26  Code  Gb  gd32c2x1_rcu.o [4]
rcu_periph_reset_enable
                         0x800'0103   0x26  Code  Gb  gd32c2x1_rcu.o [4]
sleep_mode_flag         0x2000'00a0    0x1  Data  Gb  gd32c2x1_it.o [1]
strlen                   0x800'0da1         Code  Gb  strlen.o [7]
syscfg_exti_line_config
                         0x800'08ad   0x6c  Code  Gb  gd32c2x1_syscfg.o [4]
syscfg_interrupt_flag_get
                         0x800'0919   0x18  Code  Gb  gd32c2x1_syscfg.o [4]
system_clock_config      0x800'0dfd    0x8  Code  Lc  system_gd32c2x1.o [2]
system_clock_irc48m      0x800'0e05   0x62  Code  Lc  system_gd32c2x1.o [2]
systick_config           0x800'0589   0x24  Code  Gb  systick.o [1]
usart_baudrate_set       0x800'0aa9   0x76  Code  Gb  gd32c2x1_usart.o [4]
usart_config             0x800'0425   0xa4  Code  Lc  main.o [1]
usart_data_transmit      0x800'0bc9    0xc  Code  Gb  gd32c2x1_usart.o [4]
usart_deinit             0x800'0a5d   0x4c  Code  Gb  gd32c2x1_usart.o [4]
usart_enable             0x800'0b8b    0xa  Code  Gb  gd32c2x1_usart.o [4]
usart_flag_get           0x800'0be1   0x2e  Code  Gb  gd32c2x1_usart.o [4]
usart_parity_config      0x800'0b1f   0x1e  Code  Gb  gd32c2x1_usart.o [4]
usart_receive_config     0x800'0ba9   0x14  Code  Gb  gd32c2x1_usart.o [4]
usart_stop_bit_set       0x800'0b5b   0x30  Code  Gb  gd32c2x1_usart.o [4]
usart_transmit_config    0x800'0b95   0x14  Code  Gb  gd32c2x1_usart.o [4]
usart_word_length_set    0x800'0b3d   0x1e  Code  Gb  gd32c2x1_usart.o [4]


[1] = E:\RTOS\GD32\gd32c2x1c8\GD32C231C_EVAL_Demo_Suites\Projects\03_EXTI_Key_Interrupt_mode\EWARM\GD32C2x1\Obj\Application
[2] = E:\RTOS\GD32\gd32c2x1c8\GD32C231C_EVAL_Demo_Suites\Projects\03_EXTI_Key_Interrupt_mode\EWARM\GD32C2x1\Obj\CMSIS
[3] = E:\RTOS\GD32\gd32c2x1c8\GD32C231C_EVAL_Demo_Suites\Projects\03_EXTI_Key_Interrupt_mode\EWARM\GD32C2x1\Obj\GD32C2x1_EVAL
[4] = E:\RTOS\GD32\gd32c2x1c8\GD32C231C_EVAL_Demo_Suites\Projects\03_EXTI_Key_Interrupt_mode\EWARM\GD32C2x1\Obj\GD32C2x1_Peripherals
[5] = E:\RTOS\GD32\gd32c2x1c8\GD32C231C_EVAL_Demo_Suites\Projects\03_EXTI_Key_Interrupt_mode\EWARM\GD32C2x1\Obj\Startup
[6] = dl6M_tlf.a
[7] = rt6M_tl.a
[8] = shb_l.a

  4'426 bytes of readonly  code memory
    239 bytes of readonly  data memory
  1'185 bytes of readwrite data memory

Errors: none
Warnings: none
