###############################################################################
#
# IAR ELF Linker V9.30.1.335/W64 for ARM                  11/Dec/2025  16:46:34
# Copyright 2007-2022 IAR Systems AB.
#
#    Output file  =
#        E:\RTOS\GD32\gd32c2x1c8\GD32C231C_EVAL_Demo_Suites\Projects\04_USART_Printf\EWARM\GD32C2x1\Exe\Project.out
#    Map file     =
#        E:\RTOS\GD32\gd32c2x1c8\GD32C231C_EVAL_Demo_Suites\Projects\04_USART_Printf\EWARM\GD32C2x1\List\Project.map
#    Command line =
#        -f
#        E:\RTOS\GD32\gd32c2x1c8\GD32C231C_EVAL_Demo_Suites\Projects\04_USART_Printf\EWARM\GD32C2x1\Exe\Project.out.rsp
#        (E:\RTOS\GD32\gd32c2x1c8\GD32C231C_EVAL_Demo_Suites\Projects\04_USART_Printf\EWARM\GD32C2x1\Obj\GD32C2x1_EVAL\gd32c231c_eval.o
#        E:\RTOS\GD32\gd32c2x1c8\GD32C231C_EVAL_Demo_Suites\Projects\04_USART_Printf\EWARM\GD32C2x1\Obj\GD32C2x1_Peripherals\gd32c2x1_adc.o
#        E:\RTOS\GD32\gd32c2x1c8\GD32C231C_EVAL_Demo_Suites\Projects\04_USART_Printf\EWARM\GD32C2x1\Obj\GD32C2x1_Peripherals\gd32c2x1_cmp.o
#        E:\RTOS\GD32\gd32c2x1c8\GD32C231C_EVAL_Demo_Suites\Projects\04_USART_Printf\EWARM\GD32C2x1\Obj\GD32C2x1_Peripherals\gd32c2x1_crc.o
#        E:\RTOS\GD32\gd32c2x1c8\GD32C231C_EVAL_Demo_Suites\Projects\04_USART_Printf\EWARM\GD32C2x1\Obj\GD32C2x1_Peripherals\gd32c2x1_dbg.o
#        E:\RTOS\GD32\gd32c2x1c8\GD32C231C_EVAL_Demo_Suites\Projects\04_USART_Printf\EWARM\GD32C2x1\Obj\GD32C2x1_Peripherals\gd32c2x1_dma.o
#        E:\RTOS\GD32\gd32c2x1c8\GD32C231C_EVAL_Demo_Suites\Projects\04_USART_Printf\EWARM\GD32C2x1\Obj\CMSIS\gd32c2x1_err_report.o
#        E:\RTOS\GD32\gd32c2x1c8\GD32C231C_EVAL_Demo_Suites\Projects\04_USART_Printf\EWARM\GD32C2x1\Obj\GD32C2x1_Peripherals\gd32c2x1_exti.o
#        E:\RTOS\GD32\gd32c2x1c8\GD32C231C_EVAL_Demo_Suites\Projects\04_USART_Printf\EWARM\GD32C2x1\Obj\GD32C2x1_Peripherals\gd32c2x1_fmc.o
#        E:\RTOS\GD32\gd32c2x1c8\GD32C231C_EVAL_Demo_Suites\Projects\04_USART_Printf\EWARM\GD32C2x1\Obj\GD32C2x1_Peripherals\gd32c2x1_fwdgt.o
#        E:\RTOS\GD32\gd32c2x1c8\GD32C231C_EVAL_Demo_Suites\Projects\04_USART_Printf\EWARM\GD32C2x1\Obj\GD32C2x1_Peripherals\gd32c2x1_gpio.o
#        E:\RTOS\GD32\gd32c2x1c8\GD32C231C_EVAL_Demo_Suites\Projects\04_USART_Printf\EWARM\GD32C2x1\Obj\GD32C2x1_Peripherals\gd32c2x1_i2c.o
#        E:\RTOS\GD32\gd32c2x1c8\GD32C231C_EVAL_Demo_Suites\Projects\04_USART_Printf\EWARM\GD32C2x1\Obj\Application\gd32c2x1_it.o
#        E:\RTOS\GD32\gd32c2x1c8\GD32C231C_EVAL_Demo_Suites\Projects\04_USART_Printf\EWARM\GD32C2x1\Obj\GD32C2x1_Peripherals\gd32c2x1_misc.o
#        E:\RTOS\GD32\gd32c2x1c8\GD32C231C_EVAL_Demo_Suites\Projects\04_USART_Printf\EWARM\GD32C2x1\Obj\GD32C2x1_Peripherals\gd32c2x1_pmu.o
#        E:\RTOS\GD32\gd32c2x1c8\GD32C231C_EVAL_Demo_Suites\Projects\04_USART_Printf\EWARM\GD32C2x1\Obj\GD32C2x1_Peripherals\gd32c2x1_rcu.o
#        E:\RTOS\GD32\gd32c2x1c8\GD32C231C_EVAL_Demo_Suites\Projects\04_USART_Printf\EWARM\GD32C2x1\Obj\GD32C2x1_Peripherals\gd32c2x1_rtc.o
#        E:\RTOS\GD32\gd32c2x1c8\GD32C231C_EVAL_Demo_Suites\Projects\04_USART_Printf\EWARM\GD32C2x1\Obj\GD32C2x1_Peripherals\gd32c2x1_spi.o
#        E:\RTOS\GD32\gd32c2x1c8\GD32C231C_EVAL_Demo_Suites\Projects\04_USART_Printf\EWARM\GD32C2x1\Obj\GD32C2x1_Peripherals\gd32c2x1_syscfg.o
#        E:\RTOS\GD32\gd32c2x1c8\GD32C231C_EVAL_Demo_Suites\Projects\04_USART_Printf\EWARM\GD32C2x1\Obj\GD32C2x1_Peripherals\gd32c2x1_timer.o
#        E:\RTOS\GD32\gd32c2x1c8\GD32C231C_EVAL_Demo_Suites\Projects\04_USART_Printf\EWARM\GD32C2x1\Obj\GD32C2x1_Peripherals\gd32c2x1_usart.o
#        E:\RTOS\GD32\gd32c2x1c8\GD32C231C_EVAL_Demo_Suites\Projects\04_USART_Printf\EWARM\GD32C2x1\Obj\GD32C2x1_Peripherals\gd32c2x1_wwdgt.o
#        E:\RTOS\GD32\gd32c2x1c8\GD32C231C_EVAL_Demo_Suites\Projects\04_USART_Printf\EWARM\GD32C2x1\Obj\Application\main.o
#        E:\RTOS\GD32\gd32c2x1c8\GD32C231C_EVAL_Demo_Suites\Projects\04_USART_Printf\EWARM\GD32C2x1\Obj\Startup\startup_gd32c2x1.o
#        E:\RTOS\GD32\gd32c2x1c8\GD32C231C_EVAL_Demo_Suites\Projects\04_USART_Printf\EWARM\GD32C2x1\Obj\CMSIS\system_gd32c2x1.o
#        E:\RTOS\GD32\gd32c2x1c8\GD32C231C_EVAL_Demo_Suites\Projects\04_USART_Printf\EWARM\GD32C2x1\Obj\Application\systick.o
#        --no_out_extension -o
#        E:\RTOS\GD32\gd32c2x1c8\GD32C231C_EVAL_Demo_Suites\Projects\04_USART_Printf\EWARM\GD32C2x1\Exe\Project.out
#        --map
#        E:\RTOS\GD32\gd32c2x1c8\GD32C231C_EVAL_Demo_Suites\Projects\04_USART_Printf\EWARM\GD32C2x1\List\Project.map
#        --config D:\EIDE\IAR\arm/config/linker/GD/GD32C231x8.icf --semihosting
#        --entry __iar_program_start --vfe --text_out locale
#        --cpu=Cortex-M23.no_se --fpu=None)
#
###############################################################################

*******************************************************************************
*** RUNTIME MODEL ATTRIBUTES
***

CppFlavor       = *
__CPP_Runtime   = 1
__SystemLibrary = DLib
__dlib_version  = 6


*******************************************************************************
*** HEAP SELECTION
***

The basic heap was selected because --advanced_heap
was not specified and the application did not appear to
be primarily optimized for speed.


*******************************************************************************
*** PLACEMENT SUMMARY
***

"A0":  place at address 0x800'0000 { ro section .intvec };
"P1":  place in [from 0x800'0000 to 0x800'ffff] { ro };
define block CSTACK with size = 1K, alignment = 32 { };
define block HEAP with size = 1K, alignment = 32 { };
"P2":  place in [from 0x2000'0000 to 0x2000'2fff] {
          rw, block CSTACK, block HEAP };
initialize by copy { rw };

  Section            Kind         Address    Size  Object
  -------            ----         -------    ----  ------
"A0":                                        0xdc
  .intvec            ro code   0x800'0000    0xdc  startup_gd32c2x1.o [5]
                             - 0x800'00dc    0xdc

"P1":                                      0x11f5
  .text              ro code   0x800'00dc   0x214  gd32c2x1_rcu.o [4]
  .text              ro code   0x800'02f0    0x34  ABImemcpy.o [7]
  .text              ro code   0x800'0324   0x1b4  main.o [1]
  .text              ro code   0x800'04d8   0x100  systick.o [1]
  .text              ro code   0x800'05d8   0x1b0  gd32c231c_eval.o [3]
  .text              ro code   0x800'0788    0x28  printf.o [6]
  .text              ro code   0x800'07b0   0x1b2  gd32c2x1_usart.o [4]
  .text              ro code   0x800'0962    0x3e  packbits_init_single.o [7]
  .text              ro code   0x800'09a0   0x16c  gd32c2x1_gpio.o [4]
  .text              ro code   0x800'0b0c    0xd0  gd32c2x1_misc.o [4]
  .text              ro code   0x800'0bdc    0x98  gd32c2x1_syscfg.o [4]
  .text              ro code   0x800'0c74    0x9c  gd32c2x1_exti.o [4]
  .text              ro code   0x800'0d10   0x17e  xprintftiny.o [6]
  .rodata            const     0x800'0e8e     0x2  gd32c231c_eval.o [3]
  .text              ro code   0x800'0e90    0x14  I32DivMod7R.o [7]
  .text              ro code   0x800'0ea4     0xe  strlen.o [7]
  .rodata            const     0x800'0eb2     0x2  gd32c231c_eval.o [3]
  .text              ro code   0x800'0eb4    0xd8  system_gd32c2x1.o [2]
  .text              ro code   0x800'0f8c    0x44  putchar.o [6]
  .text              ro code   0x800'0fd0    0x3c  zero_init3.o [7]
  .rodata            const     0x800'100c    0x38  main.o [1]
  .text              ro code   0x800'1044    0x38  startup_gd32c2x1.o [5]
  .text              ro code   0x800'107c    0x2a  gd32c2x1_it.o [1]
  .rodata            const     0x800'10a6     0x2  gd32c231c_eval.o [3]
  .text              ro code   0x800'10a8    0x28  data_init.o [7]
  .iar.init_table    const     0x800'10d0    0x20  - Linker created -
  .text              ro code   0x800'10f0    0x1e  cmain.o [7]
  .text              ro code   0x800'110e     0x4  low_level_init.o [6]
  .text              ro code   0x800'1112     0x8  exit.o [6]
  .text              ro code   0x800'111c     0xa  cexit.o [7]
  .text              ro code   0x800'1128    0x14  exit.o [8]
  .rodata            const     0x800'113c    0x1c  main.o [1]
  .text              ro code   0x800'1158    0x1c  cstartup_M.o [7]
  .rodata            const     0x800'1174    0x18  gd32c2x1_rcu.o [4]
  .text              ro code   0x800'118c    0x16  xprout.o [6]
  .rodata            const     0x800'11a4    0x10  gd32c231c_eval.o [3]
  .rodata            const     0x800'11b4    0x10  gd32c231c_eval.o [3]
  .rodata            const     0x800'11c4    0x10  gd32c2x1_rcu.o [4]
  .rodata            const     0x800'11d4     0x8  gd32c231c_eval.o [3]
  .rodata            const     0x800'11dc     0x8  gd32c231c_eval.o [3]
  .rodata            const     0x800'11e4     0x8  gd32c231c_eval.o [3]
  .rodata            const     0x800'11ec     0x8  gd32c231c_eval.o [3]
  .rodata            const     0x800'11f4     0x8  gd32c2x1_rcu.o [4]
  .rodata            const     0x800'11fc     0x8  gd32c2x1_rcu.o [4]
  .rodata            const     0x800'1204     0x8  gd32c2x1_rcu.o [4]
  .rodata            const     0x800'120c     0x4  gd32c231c_eval.o [3]
  .text              ro code   0x800'1210     0x4  startup_gd32c2x1.o [5]
  .text              ro code   0x800'1214     0x4  startup_gd32c2x1.o [5]
  .text              ro code   0x800'1218     0x4  startup_gd32c2x1.o [5]
  .text              ro code   0x800'121c     0x4  startup_gd32c2x1.o [5]
  .text              ro code   0x800'1220     0x4  startup_gd32c2x1.o [5]
  .text              ro code   0x800'1224     0x4  startup_gd32c2x1.o [5]
  .text              ro code   0x800'1228     0x4  startup_gd32c2x1.o [5]
  .text              ro code   0x800'122c     0x4  startup_gd32c2x1.o [5]
  .text              ro code   0x800'1230     0x4  startup_gd32c2x1.o [5]
  .text              ro code   0x800'1234     0x4  startup_gd32c2x1.o [5]
  .text              ro code   0x800'1238     0x4  startup_gd32c2x1.o [5]
  .text              ro code   0x800'123c     0x4  startup_gd32c2x1.o [5]
  .text              ro code   0x800'1240     0x4  startup_gd32c2x1.o [5]
  .text              ro code   0x800'1244     0x4  startup_gd32c2x1.o [5]
  .text              ro code   0x800'1248     0x4  startup_gd32c2x1.o [5]
  .text              ro code   0x800'124c     0x4  startup_gd32c2x1.o [5]
  .text              ro code   0x800'1250     0x4  startup_gd32c2x1.o [5]
  .text              ro code   0x800'1254     0x4  startup_gd32c2x1.o [5]
  .text              ro code   0x800'1258     0x4  startup_gd32c2x1.o [5]
  .text              ro code   0x800'125c     0x4  startup_gd32c2x1.o [5]
  .text              ro code   0x800'1260     0x4  startup_gd32c2x1.o [5]
  .text              ro code   0x800'1264     0x4  startup_gd32c2x1.o [5]
  .text              ro code   0x800'1268     0x4  startup_gd32c2x1.o [5]
  .text              ro code   0x800'126c     0x4  startup_gd32c2x1.o [5]
  .text              ro code   0x800'1270     0x4  startup_gd32c2x1.o [5]
  .text              ro code   0x800'1274     0x4  startup_gd32c2x1.o [5]
  .text              ro code   0x800'1278     0x4  startup_gd32c2x1.o [5]
  .text              ro code   0x800'127c     0x4  startup_gd32c2x1.o [5]
  .text              ro code   0x800'1280     0x4  startup_gd32c2x1.o [5]
  .text              ro code   0x800'1284     0x4  startup_gd32c2x1.o [5]
  .text              ro code   0x800'1288     0x4  startup_gd32c2x1.o [5]
  .text              ro code   0x800'128c     0x4  startup_gd32c2x1.o [5]
  .text              ro code   0x800'1290     0x4  startup_gd32c2x1.o [5]
  .text              ro code   0x800'1294     0x4  startup_gd32c2x1.o [5]
  .text              ro code   0x800'1298     0x4  startup_gd32c2x1.o [5]
  .text              ro code   0x800'129c     0x4  startup_gd32c2x1.o [5]
  .text              ro code   0x800'12a0     0x4  startup_gd32c2x1.o [5]
  .rodata            const     0x800'12a4     0x0  zero_init3.o [7]
  .rodata            const     0x800'12a4     0x0  packbits_init_single.o [7]
  Initializer bytes  const     0x800'12a4    0x2d  <for P2-1>
                             - 0x800'12d1  0x11f5

"P2", part 1 of 3:                           0x4c
  P2-1                        0x2000'0000    0x4c  <Init block>
    .data            inited   0x2000'0000     0x4  system_gd32c2x1.o [2]
    .data            inited   0x2000'0004    0x48  xfiles.o [6]
                            - 0x2000'004c    0x4c

"P2", part 2 of 3:                           0x54
  .bss               zero     0x2000'004c    0x50  xfiles.o [6]
  .bss               zero     0x2000'009c     0x4  systick.o [1]
                            - 0x2000'00a0    0x54

"P2", part 3 of 3:                          0x400
  CSTACK                      0x2000'00a0   0x400  <Block>
    CSTACK           uninit   0x2000'00a0   0x400  <Block tail>
                            - 0x2000'04a0   0x400

Unused ranges:

         From           To    Size
         ----           --    ----
   0x800'12d1   0x800'ffff  0xed2f
  0x2000'04a0  0x2000'2fff  0x2b60


*******************************************************************************
*** INIT TABLE
***

          Address      Size
          -------      ----
Zero (__iar_zero_init3)
    1 destination range, total size 0x54:
          0x2000'004c  0x54

Copy/packbits (__iar_packbits_init_single3)
    1 source range, total size 0x2d (59% of destination):
           0x800'12a4  0x2d
    1 destination range, total size 0x4c:
          0x2000'0000  0x4c



*******************************************************************************
*** MODULE SUMMARY
***

    Module                  ro code  ro data  rw data
    ------                  -------  -------  -------
command line/config:
    -------------------------------------------------
    Total:

E:\RTOS\GD32\gd32c2x1c8\GD32C231C_EVAL_Demo_Suites\Projects\04_USART_Printf\EWARM\GD32C2x1\Obj\Application: [1]
    gd32c2x1_it.o                42
    main.o                      436       84
    systick.o                   256                 4
    -------------------------------------------------
    Total:                      734       84        4

E:\RTOS\GD32\gd32c2x1c8\GD32C231C_EVAL_Demo_Suites\Projects\04_USART_Printf\EWARM\GD32C2x1\Obj\CMSIS: [2]
    system_gd32c2x1.o           216        2        4
    -------------------------------------------------
    Total:                      216        2        4

E:\RTOS\GD32\gd32c2x1c8\GD32C231C_EVAL_Demo_Suites\Projects\04_USART_Printf\EWARM\GD32C2x1\Obj\GD32C2x1_EVAL: [3]
    gd32c231c_eval.o            432       74
    -------------------------------------------------
    Total:                      432       74

E:\RTOS\GD32\gd32c2x1c8\GD32C231C_EVAL_Demo_Suites\Projects\04_USART_Printf\EWARM\GD32C2x1\Obj\GD32C2x1_Peripherals: [4]
    gd32c2x1_exti.o             156
    gd32c2x1_gpio.o             364
    gd32c2x1_misc.o             208
    gd32c2x1_rcu.o              532       64
    gd32c2x1_syscfg.o           152
    gd32c2x1_usart.o            434
    -------------------------------------------------
    Total:                    1'846       64

E:\RTOS\GD32\gd32c2x1c8\GD32C231C_EVAL_Demo_Suites\Projects\04_USART_Printf\EWARM\GD32C2x1\Obj\Startup: [5]
    startup_gd32c2x1.o          424
    -------------------------------------------------
    Total:                      424

dl6M_tlf.a: [6]
    exit.o                        8
    low_level_init.o              4
    printf.o                     40
    putchar.o                    68
    xfiles.o                              43      152
    xprintftiny.o               382
    xprout.o                     22
    -------------------------------------------------
    Total:                      524       43      152

rt6M_tl.a: [7]
    ABImemcpy.o                  52
    I32DivMod7R.o                20
    cexit.o                      10
    cmain.o                      30
    cstartup_M.o                 28
    data_init.o                  40
    packbits_init_single.o       62
    strlen.o                     14
    zero_init3.o                 60
    -------------------------------------------------
    Total:                      316

shb_l.a: [8]
    exit.o                       20
    -------------------------------------------------
    Total:                       20

    Gaps                          4        2
    Linker created                        32    1'024
-----------------------------------------------------
    Grand Total:              4'516      301    1'184


*******************************************************************************
*** ENTRY LIST
***

Entry                       Address   Size  Type      Object
-----                       -------   ----  ----      ------
.iar.init_table$$Base    0x800'10d0          --   Gb  - Linker created -
.iar.init_table$$Limit   0x800'10f0          --   Gb  - Linker created -
?main                    0x800'10f1         Code  Gb  cmain.o [7]
ADC_IRQHandler           0x800'1241         Code  Wk  startup_gd32c2x1.o [5]
CMP0_IRQHandler          0x800'1291         Code  Wk  startup_gd32c2x1.o [5]
CMP1_IRQHandler          0x800'1295         Code  Wk  startup_gd32c2x1.o [5]
CSTACK$$Base            0x2000'00a0          --   Gb  - Linker created -
CSTACK$$Limit           0x2000'04a0          --   Gb  - Linker created -
DMAMUX_IRQHandler        0x800'128d         Code  Wk  startup_gd32c2x1.o [5]
DMA_Channel0_IRQHandler
                         0x800'1235         Code  Wk  startup_gd32c2x1.o [5]
DMA_Channel1_IRQHandler
                         0x800'1239         Code  Wk  startup_gd32c2x1.o [5]
DMA_Channel2_IRQHandler
                         0x800'123d         Code  Wk  startup_gd32c2x1.o [5]
EXTI0_IRQHandler         0x800'1221         Code  Wk  startup_gd32c2x1.o [5]
EXTI10_15_IRQHandler     0x800'1289         Code  Wk  startup_gd32c2x1.o [5]
EXTI1_IRQHandler         0x800'1225         Code  Wk  startup_gd32c2x1.o [5]
EXTI2_IRQHandler         0x800'1229         Code  Wk  startup_gd32c2x1.o [5]
EXTI3_IRQHandler         0x800'122d         Code  Wk  startup_gd32c2x1.o [5]
EXTI4_IRQHandler         0x800'1231         Code  Wk  startup_gd32c2x1.o [5]
EXTI5_9_IRQHandler       0x800'126d         Code  Wk  startup_gd32c2x1.o [5]
FMC_IRQHandler           0x800'1219         Code  Wk  startup_gd32c2x1.o [5]
GPIO_CLK                 0x800'11d4    0x8  Data  Lc  gd32c231c_eval.o [3]
GPIO_PIN                 0x800'11b4   0x10  Data  Lc  gd32c231c_eval.o [3]
GPIO_PORT                0x800'11a4   0x10  Data  Lc  gd32c231c_eval.o [3]
HardFault_Handler        0x800'1099    0x2  Code  Gb  gd32c2x1_it.o [1]
I2C0_ER_IRQHandler       0x800'1255         Code  Wk  startup_gd32c2x1.o [5]
I2C0_EV_IRQHandler       0x800'1251         Code  Wk  startup_gd32c2x1.o [5]
I2C0_WKUP_IRQHandler     0x800'1299         Code  Wk  startup_gd32c2x1.o [5]
I2C1_ER_IRQHandler       0x800'125d         Code  Wk  startup_gd32c2x1.o [5]
I2C1_EV_IRQHandler       0x800'1259         Code  Wk  startup_gd32c2x1.o [5]
I2C1_WKUP_IRQHandler     0x800'129d         Code  Wk  startup_gd32c2x1.o [5]
KEY_CLK                  0x800'120c    0x4  Data  Lc  gd32c231c_eval.o [3]
KEY_EXTI_LINE            0x800'11ec    0x8  Data  Lc  gd32c231c_eval.o [3]
KEY_IRQn                 0x800'10a6    0x2  Data  Lc  gd32c231c_eval.o [3]
KEY_PIN                  0x800'11e4    0x8  Data  Lc  gd32c231c_eval.o [3]
KEY_PIN_SOURCE           0x800'0eb2    0x2  Data  Lc  gd32c231c_eval.o [3]
KEY_PORT                 0x800'11dc    0x8  Data  Lc  gd32c231c_eval.o [3]
KEY_PORT_SOURCE          0x800'0e8e    0x2  Data  Lc  gd32c231c_eval.o [3]
MyLowLevelPutchar        0x800'06fb   0x24  Code  Gb  gd32c231c_eval.o [3]
NMI_Handler              0x800'107d   0x1c  Code  Gb  gd32c2x1_it.o [1]
PendSV_Handler           0x800'109d    0x2  Code  Gb  gd32c2x1_it.o [1]
RCU_IRQHandler           0x800'121d         Code  Wk  startup_gd32c2x1.o [5]
RTC_Alarm_IRQHandler     0x800'1269         Code  Wk  startup_gd32c2x1.o [5]
Region$$Table$$Base      0x800'10d0          --   Gb  - Linker created -
Region$$Table$$Limit     0x800'10f0          --   Gb  - Linker created -
Reset_Handler            0x800'1045         Code  Wk  startup_gd32c2x1.o [5]
SPI0_IRQHandler          0x800'1261         Code  Wk  startup_gd32c2x1.o [5]
SPI1_IRQHandler          0x800'1265         Code  Wk  startup_gd32c2x1.o [5]
SVC_Handler              0x800'109b    0x2  Code  Gb  gd32c2x1_it.o [1]
SysTick_Config           0x800'054d   0x30  Code  Lc  systick.o [1]
SysTick_Handler          0x800'109f    0x8  Code  Gb  gd32c2x1_it.o [1]
SystemCoreClock         0x2000'0000    0x4  Data  Gb  system_gd32c2x1.o [2]
SystemInit               0x800'0eb5   0x4c  Code  Gb  system_gd32c2x1.o [2]
TIMER0_Channel_IRQHandler
                         0x800'1275         Code  Wk  startup_gd32c2x1.o [5]
TIMER0_TRG_CMT_UP_BRK_IRQHandler
                         0x800'1271         Code  Wk  startup_gd32c2x1.o [5]
TIMER13_IRQHandler       0x800'127d         Code  Wk  startup_gd32c2x1.o [5]
TIMER15_IRQHandler       0x800'1281         Code  Wk  startup_gd32c2x1.o [5]
TIMER16_IRQHandler       0x800'1285         Code  Wk  startup_gd32c2x1.o [5]
TIMER2_IRQHandler        0x800'1279         Code  Wk  startup_gd32c2x1.o [5]
TIMESTAMP_IRQHandler     0x800'1215         Code  Wk  startup_gd32c2x1.o [5]
USART0_IRQHandler        0x800'1245         Code  Wk  startup_gd32c2x1.o [5]
USART0_WKUP_IRQHandler   0x800'12a1         Code  Wk  startup_gd32c2x1.o [5]
USART1_IRQHandler        0x800'1249         Code  Wk  startup_gd32c2x1.o [5]
USART2_IRQHandler        0x800'124d         Code  Wk  startup_gd32c2x1.o [5]
WWDGT_IRQHandler         0x800'1211         Code  Wk  startup_gd32c2x1.o [5]
_PrintfTiny              0x800'0d2b  0x164  Code  Gb  xprintftiny.o [6]
_Prout                   0x800'118d   0x16  Code  Gb  xprout.o [6]
__ICFEDIT_region_RAM_end__ {Abs}
                        0x2000'2fff         Data  Gb  <internal module>
__ICFEDIT_region_RAM_start__ {Abs}
                        0x2000'0000         Data  Gb  <internal module>
__NVIC_EnableIRQ         0x800'0b0d   0x1c  Code  Lc  gd32c2x1_misc.o [4]
__NVIC_SetPriority       0x800'0b29   0x74  Code  Lc  gd32c2x1_misc.o [4]
__NVIC_SetPriority       0x800'04d9   0x74  Code  Lc  systick.o [1]
__aeabi_memcpy4          0x800'02f1         Code  Gb  ABImemcpy.o [7]
__aeabi_memcpy8          0x800'02f1         Code  Gb  ABImemcpy.o [7]
__cmain                  0x800'10f1         Code  Gb  cmain.o [7]
__exit                   0x800'1129   0x14  Code  Gb  exit.o [8]
__iar_Stdout            0x2000'0004   0x48  Data  Gb  xfiles.o [6]
__iar_data_init3         0x800'10a9   0x28  Code  Gb  data_init.o [7]
__iar_div_t2_uidiv       0x800'0e91         Code  Gb  I32DivMod7R.o [7]
__iar_div_t2_uidivmod    0x800'0e99         Code  Gb  I32DivMod7R.o [7]
__iar_packbits_init_single3
                         0x800'0963   0x3e  Code  Gb  packbits_init_single.o [7]
__iar_program_start      0x800'1159         Code  Gb  cstartup_M.o [7]
__iar_zero_init3         0x800'0fd1   0x3c  Code  Gb  zero_init3.o [7]
__low_level_init         0x800'110f    0x4  Code  Gb  low_level_init.o [6]
__vector_table           0x800'0000         Data  Gb  startup_gd32c2x1.o [5]
__write                  0x800'074d   0x3c  Code  Gb  gd32c231c_eval.o [3]
_call_main               0x800'10fd         Code  Gb  cmain.o [7]
_exit                    0x800'111d         Code  Gb  cexit.o [7]
delay                   0x2000'009c    0x4  Data  Lc  systick.o [1]
delay_1ms                0x800'05a1    0xc  Code  Gb  systick.o [1]
delay_decrement          0x800'05ad   0x10  Code  Gb  systick.o [1]
exit                     0x800'1113    0x8  Code  Gb  exit.o [6]
exti_init                0x800'0c75   0x7e  Code  Gb  gd32c2x1_exti.o [4]
exti_interrupt_flag_clear
                         0x800'0cf3    0x6  Code  Gb  gd32c2x1_exti.o [4]
gd_eval_key_init         0x800'0663   0x7e  Code  Gb  gd32c231c_eval.o [3]
gd_eval_key_state_get    0x800'06e1   0x1a  Code  Gb  gd32c231c_eval.o [3]
gd_eval_led_init         0x800'05d9   0x5a  Code  Gb  gd32c231c_eval.o [3]
gd_eval_led_off          0x800'064b   0x18  Code  Gb  gd32c231c_eval.o [3]
gd_eval_led_on           0x800'0633   0x18  Code  Gb  gd32c231c_eval.o [3]
gpio_af_set              0x800'0a7d   0x90  Code  Gb  gd32c2x1_gpio.o [4]
gpio_input_bit_get       0x800'0a67   0x16  Code  Gb  gd32c2x1_gpio.o [4]
gpio_mode_set            0x800'09a1   0x62  Code  Gb  gd32c2x1_gpio.o [4]
gpio_output_options_set
                         0x800'0a03   0x64  Code  Gb  gd32c2x1_gpio.o [4]
led_flash                0x800'03d1   0x58  Code  Lc  main.o [1]
main                     0x800'0325   0x90  Code  Gb  main.o [1]
nvic_irq_enable          0x800'0b9d   0x1c  Code  Gb  gd32c2x1_misc.o [4]
nvic_vector_table_set    0x800'0bb9   0x10  Code  Gb  gd32c2x1_misc.o [4]
obuf                    0x2000'004c   0x50  Data  Lc  xfiles.o [6]
out                      0x800'0d11   0x1a  Code  Lc  xprintftiny.o [6]
printf                   0x800'0789   0x28  Code  Gb  printf.o [6]
putchar                  0x800'0f8d   0x44  Code  Gb  putchar.o [6]
rcu_clock_freq_get       0x800'0169  0x160  Code  Gb  gd32c2x1_rcu.o [4]
rcu_irc48mdiv_sys_clock_config
                         0x800'014f   0x12  Code  Gb  gd32c2x1_rcu.o [4]
rcu_periph_clock_enable
                         0x800'00dd   0x26  Code  Gb  gd32c2x1_rcu.o [4]
rcu_periph_reset_disable
                         0x800'0129   0x26  Code  Gb  gd32c2x1_rcu.o [4]
rcu_periph_reset_enable
                         0x800'0103   0x26  Code  Gb  gd32c2x1_rcu.o [4]
strlen                   0x800'0ea5         Code  Gb  strlen.o [7]
syscfg_exti_line_config
                         0x800'0bdd   0x6c  Code  Gb  gd32c2x1_syscfg.o [4]
syscfg_interrupt_flag_get
                         0x800'0c49   0x18  Code  Gb  gd32c2x1_syscfg.o [4]
system_clock_config      0x800'0f01    0x8  Code  Lc  system_gd32c2x1.o [2]
system_clock_irc48m      0x800'0f09   0x62  Code  Lc  system_gd32c2x1.o [2]
systick_config           0x800'057d   0x24  Code  Gb  systick.o [1]
test_status_led_init     0x800'03b5   0x1c  Code  Lc  main.o [1]
usart_baudrate_set       0x800'07fd   0x76  Code  Gb  gd32c2x1_usart.o [4]
usart_config             0x800'0429   0xa4  Code  Lc  main.o [1]
usart_data_transmit      0x800'091d    0xc  Code  Gb  gd32c2x1_usart.o [4]
usart_deinit             0x800'07b1   0x4c  Code  Gb  gd32c2x1_usart.o [4]
usart_enable             0x800'08df    0xa  Code  Gb  gd32c2x1_usart.o [4]
usart_flag_get           0x800'0935   0x2e  Code  Gb  gd32c2x1_usart.o [4]
usart_parity_config      0x800'0873   0x1e  Code  Gb  gd32c2x1_usart.o [4]
usart_receive_config     0x800'08fd   0x14  Code  Gb  gd32c2x1_usart.o [4]
usart_stop_bit_set       0x800'08af   0x30  Code  Gb  gd32c2x1_usart.o [4]
usart_transmit_config    0x800'08e9   0x14  Code  Gb  gd32c2x1_usart.o [4]
usart_word_length_set    0x800'0891   0x1e  Code  Gb  gd32c2x1_usart.o [4]


[1] = E:\RTOS\GD32\gd32c2x1c8\GD32C231C_EVAL_Demo_Suites\Projects\04_USART_Printf\EWARM\GD32C2x1\Obj\Application
[2] = E:\RTOS\GD32\gd32c2x1c8\GD32C231C_EVAL_Demo_Suites\Projects\04_USART_Printf\EWARM\GD32C2x1\Obj\CMSIS
[3] = E:\RTOS\GD32\gd32c2x1c8\GD32C231C_EVAL_Demo_Suites\Projects\04_USART_Printf\EWARM\GD32C2x1\Obj\GD32C2x1_EVAL
[4] = E:\RTOS\GD32\gd32c2x1c8\GD32C231C_EVAL_Demo_Suites\Projects\04_USART_Printf\EWARM\GD32C2x1\Obj\GD32C2x1_Peripherals
[5] = E:\RTOS\GD32\gd32c2x1c8\GD32C231C_EVAL_Demo_Suites\Projects\04_USART_Printf\EWARM\GD32C2x1\Obj\Startup
[6] = dl6M_tlf.a
[7] = rt6M_tl.a
[8] = shb_l.a

  4'516 bytes of readonly  code memory
    301 bytes of readonly  data memory
  1'184 bytes of readwrite data memory

Errors: none
Warnings: none
