###############################################################################
#
# IAR ELF Linker V9.30.1.335/W64 for ARM                  11/Dec/2025  10:02:26
# Copyright 2007-2022 IAR Systems AB.
#
#    Output file  =
#        E:\RTOS\GD32\gd32c2x1c8\GD32C231C_EVAL_Demo_Suites\Projects\13_PMU_Sleep_Wakeup\EWARM\GD32C2x1\Exe\Project.out
#    Map file     =
#        E:\RTOS\GD32\gd32c2x1c8\GD32C231C_EVAL_Demo_Suites\Projects\13_PMU_Sleep_Wakeup\EWARM\GD32C2x1\List\Project.map
#    Command line =
#        -f
#        E:\RTOS\GD32\gd32c2x1c8\GD32C231C_EVAL_Demo_Suites\Projects\13_PMU_Sleep_Wakeup\EWARM\GD32C2x1\Exe\Project.out.rsp
#        (E:\RTOS\GD32\gd32c2x1c8\GD32C231C_EVAL_Demo_Suites\Projects\13_PMU_Sleep_Wakeup\EWARM\GD32C2x1\Obj\GD32C2x1_EVAL\gd32c231c_eval.o
#        E:\RTOS\GD32\gd32c2x1c8\GD32C231C_EVAL_Demo_Suites\Projects\13_PMU_Sleep_Wakeup\EWARM\GD32C2x1\Obj\GD32C2x1_Peripherals\gd32c2x1_adc.o
#        E:\RTOS\GD32\gd32c2x1c8\GD32C231C_EVAL_Demo_Suites\Projects\13_PMU_Sleep_Wakeup\EWARM\GD32C2x1\Obj\GD32C2x1_Peripherals\gd32c2x1_cmp.o
#        E:\RTOS\GD32\gd32c2x1c8\GD32C231C_EVAL_Demo_Suites\Projects\13_PMU_Sleep_Wakeup\EWARM\GD32C2x1\Obj\GD32C2x1_Peripherals\gd32c2x1_crc.o
#        E:\RTOS\GD32\gd32c2x1c8\GD32C231C_EVAL_Demo_Suites\Projects\13_PMU_Sleep_Wakeup\EWARM\GD32C2x1\Obj\GD32C2x1_Peripherals\gd32c2x1_dbg.o
#        E:\RTOS\GD32\gd32c2x1c8\GD32C231C_EVAL_Demo_Suites\Projects\13_PMU_Sleep_Wakeup\EWARM\GD32C2x1\Obj\GD32C2x1_Peripherals\gd32c2x1_dma.o
#        E:\RTOS\GD32\gd32c2x1c8\GD32C231C_EVAL_Demo_Suites\Projects\13_PMU_Sleep_Wakeup\EWARM\GD32C2x1\Obj\CMSIS\gd32c2x1_err_report.o
#        E:\RTOS\GD32\gd32c2x1c8\GD32C231C_EVAL_Demo_Suites\Projects\13_PMU_Sleep_Wakeup\EWARM\GD32C2x1\Obj\GD32C2x1_Peripherals\gd32c2x1_exti.o
#        E:\RTOS\GD32\gd32c2x1c8\GD32C231C_EVAL_Demo_Suites\Projects\13_PMU_Sleep_Wakeup\EWARM\GD32C2x1\Obj\GD32C2x1_Peripherals\gd32c2x1_fmc.o
#        E:\RTOS\GD32\gd32c2x1c8\GD32C231C_EVAL_Demo_Suites\Projects\13_PMU_Sleep_Wakeup\EWARM\GD32C2x1\Obj\GD32C2x1_Peripherals\gd32c2x1_fwdgt.o
#        E:\RTOS\GD32\gd32c2x1c8\GD32C231C_EVAL_Demo_Suites\Projects\13_PMU_Sleep_Wakeup\EWARM\GD32C2x1\Obj\GD32C2x1_Peripherals\gd32c2x1_gpio.o
#        E:\RTOS\GD32\gd32c2x1c8\GD32C231C_EVAL_Demo_Suites\Projects\13_PMU_Sleep_Wakeup\EWARM\GD32C2x1\Obj\GD32C2x1_Peripherals\gd32c2x1_i2c.o
#        E:\RTOS\GD32\gd32c2x1c8\GD32C231C_EVAL_Demo_Suites\Projects\13_PMU_Sleep_Wakeup\EWARM\GD32C2x1\Obj\Application\gd32c2x1_it.o
#        E:\RTOS\GD32\gd32c2x1c8\GD32C231C_EVAL_Demo_Suites\Projects\13_PMU_Sleep_Wakeup\EWARM\GD32C2x1\Obj\GD32C2x1_Peripherals\gd32c2x1_misc.o
#        E:\RTOS\GD32\gd32c2x1c8\GD32C231C_EVAL_Demo_Suites\Projects\13_PMU_Sleep_Wakeup\EWARM\GD32C2x1\Obj\GD32C2x1_Peripherals\gd32c2x1_pmu.o
#        E:\RTOS\GD32\gd32c2x1c8\GD32C231C_EVAL_Demo_Suites\Projects\13_PMU_Sleep_Wakeup\EWARM\GD32C2x1\Obj\GD32C2x1_Peripherals\gd32c2x1_rcu.o
#        E:\RTOS\GD32\gd32c2x1c8\GD32C231C_EVAL_Demo_Suites\Projects\13_PMU_Sleep_Wakeup\EWARM\GD32C2x1\Obj\GD32C2x1_Peripherals\gd32c2x1_rtc.o
#        E:\RTOS\GD32\gd32c2x1c8\GD32C231C_EVAL_Demo_Suites\Projects\13_PMU_Sleep_Wakeup\EWARM\GD32C2x1\Obj\GD32C2x1_Peripherals\gd32c2x1_spi.o
#        E:\RTOS\GD32\gd32c2x1c8\GD32C231C_EVAL_Demo_Suites\Projects\13_PMU_Sleep_Wakeup\EWARM\GD32C2x1\Obj\GD32C2x1_Peripherals\gd32c2x1_syscfg.o
#        E:\RTOS\GD32\gd32c2x1c8\GD32C231C_EVAL_Demo_Suites\Projects\13_PMU_Sleep_Wakeup\EWARM\GD32C2x1\Obj\GD32C2x1_Peripherals\gd32c2x1_timer.o
#        E:\RTOS\GD32\gd32c2x1c8\GD32C231C_EVAL_Demo_Suites\Projects\13_PMU_Sleep_Wakeup\EWARM\GD32C2x1\Obj\GD32C2x1_Peripherals\gd32c2x1_usart.o
#        E:\RTOS\GD32\gd32c2x1c8\GD32C231C_EVAL_Demo_Suites\Projects\13_PMU_Sleep_Wakeup\EWARM\GD32C2x1\Obj\GD32C2x1_Peripherals\gd32c2x1_wwdgt.o
#        E:\RTOS\GD32\gd32c2x1c8\GD32C231C_EVAL_Demo_Suites\Projects\13_PMU_Sleep_Wakeup\EWARM\GD32C2x1\Obj\Application\main.o
#        E:\RTOS\GD32\gd32c2x1c8\GD32C231C_EVAL_Demo_Suites\Projects\13_PMU_Sleep_Wakeup\EWARM\GD32C2x1\Obj\Startup\startup_gd32c2x1.o
#        E:\RTOS\GD32\gd32c2x1c8\GD32C231C_EVAL_Demo_Suites\Projects\13_PMU_Sleep_Wakeup\EWARM\GD32C2x1\Obj\CMSIS\system_gd32c2x1.o
#        E:\RTOS\GD32\gd32c2x1c8\GD32C231C_EVAL_Demo_Suites\Projects\13_PMU_Sleep_Wakeup\EWARM\GD32C2x1\Obj\Application\systick.o
#        --no_out_extension -o
#        E:\RTOS\GD32\gd32c2x1c8\GD32C231C_EVAL_Demo_Suites\Projects\13_PMU_Sleep_Wakeup\EWARM\GD32C2x1\Exe\Project.out
#        --map
#        E:\RTOS\GD32\gd32c2x1c8\GD32C231C_EVAL_Demo_Suites\Projects\13_PMU_Sleep_Wakeup\EWARM\GD32C2x1\List\Project.map
#        --config D:\EIDE\IAR\arm/config/linker/GD/GD32C231x8.icf --semihosting
#        --entry __iar_program_start --vfe --text_out locale
#        --cpu=Cortex-M23.no_se --fpu=None)
#
###############################################################################

*******************************************************************************
*** RUNTIME MODEL ATTRIBUTES
***

CppFlavor       = *
__CPP_Runtime   = 1
__SystemLibrary = DLib
__dlib_version  = 6


*******************************************************************************
*** HEAP SELECTION
***

The basic heap was selected because --advanced_heap
was not specified and the application did not appear to
be primarily optimized for speed.


*******************************************************************************
*** PLACEMENT SUMMARY
***

"A0":  place at address 0x800'0000 { ro section .intvec };
"P1":  place in [from 0x800'0000 to 0x800'ffff] { ro };
define block CSTACK with size = 1K, alignment = 32 { };
define block HEAP with size = 1K, alignment = 32 { };
"P2":  place in [from 0x2000'0000 to 0x2000'2fff] {
          rw, block CSTACK, block HEAP };

  Section          Kind         Address   Size  Object
  -------          ----         -------   ----  ------
"A0":                                     0xdc
  .intvec          ro code   0x800'0000   0xdc  startup_gd32c2x1.o [5]
                           - 0x800'00dc   0xdc

"P1":                                    0xb48
  .text            ro code   0x800'00dc  0x214  gd32c2x1_rcu.o [4]
  .text            ro code   0x800'02f0   0x34  ABImemcpy.o [7]
  .text            ro code   0x800'0324  0x17e  gd32c2x1_usart.o [4]
  .rodata          const     0x800'04a2    0x2  gd32c231c_eval.o [3]
  .text            ro code   0x800'04a4  0x156  gd32c2x1_gpio.o [4]
  .text            ro code   0x800'05fc  0x148  gd32c231c_eval.o [3]
  .text            ro code   0x800'0744   0xd8  system_gd32c2x1.o [2]
  .text            ro code   0x800'081c   0xd0  gd32c2x1_misc.o [4]
  .text            ro code   0x800'08ec   0x88  main.o [1]
  .text            ro code   0x800'0974   0x20  gd32c2x1_pmu.o [4]
  .text            ro code   0x800'0994   0x4c  gd32c2x1_it.o [1]
  .text            ro code   0x800'09e0   0x1c  gd32c2x1_syscfg.o [4]
  .text            ro code   0x800'09fc   0x14  systick.o [1]
  .text            ro code   0x800'0a10   0x3c  zero_init3.o [7]
  .text            ro code   0x800'0a4c   0x38  startup_gd32c2x1.o [5]
  .text            ro code   0x800'0a84   0x28  data_init.o [7]
  .iar.init_table  const     0x800'0aac   0x10  - Linker created -
  .text            ro code   0x800'0abc   0x1e  cmain.o [7]
  .text            ro code   0x800'0ada    0x4  low_level_init.o [6]
  .text            ro code   0x800'0ade    0x8  exit.o [6]
  .text            ro code   0x800'0ae8    0xa  cexit.o [7]
  .text            ro code   0x800'0af4   0x14  exit.o [8]
  .text            ro code   0x800'0b08   0x1c  cstartup_M.o [7]
  .rodata          const     0x800'0b24   0x18  gd32c2x1_rcu.o [4]
  .rodata          const     0x800'0b3c   0x10  gd32c231c_eval.o [3]
  .rodata          const     0x800'0b4c   0x10  gd32c231c_eval.o [3]
  .rodata          const     0x800'0b5c   0x10  gd32c2x1_rcu.o [4]
  .rodata          const     0x800'0b6c    0x8  gd32c231c_eval.o [3]
  .rodata          const     0x800'0b74    0x8  gd32c2x1_rcu.o [4]
  .rodata          const     0x800'0b7c    0x8  gd32c2x1_rcu.o [4]
  .rodata          const     0x800'0b84    0x8  gd32c2x1_rcu.o [4]
  .rodata          const     0x800'0b8c    0x4  gd32c231c_eval.o [3]
  .rodata          const     0x800'0b90    0x4  gd32c231c_eval.o [3]
  .text            ro code   0x800'0b94    0x4  startup_gd32c2x1.o [5]
  .text            ro code   0x800'0b98    0x4  startup_gd32c2x1.o [5]
  .text            ro code   0x800'0b9c    0x4  startup_gd32c2x1.o [5]
  .text            ro code   0x800'0ba0    0x4  startup_gd32c2x1.o [5]
  .text            ro code   0x800'0ba4    0x4  startup_gd32c2x1.o [5]
  .text            ro code   0x800'0ba8    0x4  startup_gd32c2x1.o [5]
  .text            ro code   0x800'0bac    0x4  startup_gd32c2x1.o [5]
  .text            ro code   0x800'0bb0    0x4  startup_gd32c2x1.o [5]
  .text            ro code   0x800'0bb4    0x4  startup_gd32c2x1.o [5]
  .text            ro code   0x800'0bb8    0x4  startup_gd32c2x1.o [5]
  .text            ro code   0x800'0bbc    0x4  startup_gd32c2x1.o [5]
  .text            ro code   0x800'0bc0    0x4  startup_gd32c2x1.o [5]
  .text            ro code   0x800'0bc4    0x4  startup_gd32c2x1.o [5]
  .text            ro code   0x800'0bc8    0x4  startup_gd32c2x1.o [5]
  .text            ro code   0x800'0bcc    0x4  startup_gd32c2x1.o [5]
  .text            ro code   0x800'0bd0    0x4  startup_gd32c2x1.o [5]
  .text            ro code   0x800'0bd4    0x4  startup_gd32c2x1.o [5]
  .text            ro code   0x800'0bd8    0x4  startup_gd32c2x1.o [5]
  .text            ro code   0x800'0bdc    0x4  startup_gd32c2x1.o [5]
  .text            ro code   0x800'0be0    0x4  startup_gd32c2x1.o [5]
  .text            ro code   0x800'0be4    0x4  startup_gd32c2x1.o [5]
  .text            ro code   0x800'0be8    0x4  startup_gd32c2x1.o [5]
  .text            ro code   0x800'0bec    0x4  startup_gd32c2x1.o [5]
  .text            ro code   0x800'0bf0    0x4  startup_gd32c2x1.o [5]
  .text            ro code   0x800'0bf4    0x4  startup_gd32c2x1.o [5]
  .text            ro code   0x800'0bf8    0x4  startup_gd32c2x1.o [5]
  .text            ro code   0x800'0bfc    0x4  startup_gd32c2x1.o [5]
  .text            ro code   0x800'0c00    0x4  startup_gd32c2x1.o [5]
  .text            ro code   0x800'0c04    0x4  startup_gd32c2x1.o [5]
  .text            ro code   0x800'0c08    0x4  startup_gd32c2x1.o [5]
  .text            ro code   0x800'0c0c    0x4  startup_gd32c2x1.o [5]
  .text            ro code   0x800'0c10    0x4  startup_gd32c2x1.o [5]
  .text            ro code   0x800'0c14    0x4  startup_gd32c2x1.o [5]
  .text            ro code   0x800'0c18    0x4  startup_gd32c2x1.o [5]
  .text            ro code   0x800'0c1c    0x4  startup_gd32c2x1.o [5]
  .text            ro code   0x800'0c20    0x4  startup_gd32c2x1.o [5]
  .rodata          const     0x800'0c24    0x0  zero_init3.o [7]
                           - 0x800'0c24  0xb48

"P2", part 1 of 2:                         0x4
  .bss             zero     0x2000'0000    0x4  systick.o [1]
                          - 0x2000'0004    0x4

"P2", part 2 of 2:                       0x400
  CSTACK                    0x2000'0020  0x400  <Block>
    CSTACK         uninit   0x2000'0020  0x400  <Block tail>
                          - 0x2000'0420  0x400

Unused ranges:

         From           To    Size
         ----           --    ----
   0x800'0c24   0x800'ffff  0xf3dc
  0x2000'0004  0x2000'001f    0x1c
  0x2000'0420  0x2000'2fff  0x2be0


*******************************************************************************
*** INIT TABLE
***

          Address      Size
          -------      ----
Zero (__iar_zero_init3)
    1 destination range, total size 0x4:
          0x2000'0000   0x4



*******************************************************************************
*** MODULE SUMMARY
***

    Module              ro code  ro data  rw data
    ------              -------  -------  -------
command line/config:
    ---------------------------------------------
    Total:

E:\RTOS\GD32\gd32c2x1c8\GD32C231C_EVAL_Demo_Suites\Projects\13_PMU_Sleep_Wakeup\EWARM\GD32C2x1\Obj\Application: [1]
    gd32c2x1_it.o            76
    main.o                  136
    systick.o                20                 4
    ---------------------------------------------
    Total:                  232                 4

E:\RTOS\GD32\gd32c2x1c8\GD32C231C_EVAL_Demo_Suites\Projects\13_PMU_Sleep_Wakeup\EWARM\GD32C2x1\Obj\CMSIS: [2]
    system_gd32c2x1.o       216
    ---------------------------------------------
    Total:                  216

E:\RTOS\GD32\gd32c2x1c8\GD32C231C_EVAL_Demo_Suites\Projects\13_PMU_Sleep_Wakeup\EWARM\GD32C2x1\Obj\GD32C2x1_EVAL: [3]
    gd32c231c_eval.o        328       50
    ---------------------------------------------
    Total:                  328       50

E:\RTOS\GD32\gd32c2x1c8\GD32C231C_EVAL_Demo_Suites\Projects\13_PMU_Sleep_Wakeup\EWARM\GD32C2x1\Obj\GD32C2x1_Peripherals: [4]
    gd32c2x1_gpio.o         342
    gd32c2x1_misc.o         208
    gd32c2x1_pmu.o           32
    gd32c2x1_rcu.o          532       64
    gd32c2x1_syscfg.o        28
    gd32c2x1_usart.o        382
    ---------------------------------------------
    Total:                1'524       64

E:\RTOS\GD32\gd32c2x1c8\GD32C231C_EVAL_Demo_Suites\Projects\13_PMU_Sleep_Wakeup\EWARM\GD32C2x1\Obj\Startup: [5]
    startup_gd32c2x1.o      420
    ---------------------------------------------
    Total:                  420

dl6M_tlf.a: [6]
    exit.o                    8
    low_level_init.o          4
    ---------------------------------------------
    Total:                   12

rt6M_tl.a: [7]
    ABImemcpy.o              52
    cexit.o                  10
    cmain.o                  30
    cstartup_M.o             28
    data_init.o              40
    zero_init3.o             60
    ---------------------------------------------
    Total:                  220

shb_l.a: [8]
    exit.o                   20
    ---------------------------------------------
    Total:                   20

    Gaps                      6
    Linker created                    16    1'024
-------------------------------------------------
    Grand Total:          2'978      130    1'028


*******************************************************************************
*** ENTRY LIST
***

Entry                       Address   Size  Type      Object
-----                       -------   ----  ----      ------
.iar.init_table$$Base    0x800'0aac          --   Gb  - Linker created -
.iar.init_table$$Limit   0x800'0abc          --   Gb  - Linker created -
?main                    0x800'0abd         Code  Gb  cmain.o [7]
ADC_IRQHandler           0x800'0bc5         Code  Wk  startup_gd32c2x1.o [5]
CMP0_IRQHandler          0x800'0c11         Code  Wk  startup_gd32c2x1.o [5]
CMP1_IRQHandler          0x800'0c15         Code  Wk  startup_gd32c2x1.o [5]
COM_CLK                  0x800'04a2    0x2  Data  Lc  gd32c231c_eval.o [3]
COM_RX_PIN               0x800'0b90    0x4  Data  Lc  gd32c231c_eval.o [3]
COM_TX_PIN               0x800'0b8c    0x4  Data  Lc  gd32c231c_eval.o [3]
CSTACK$$Base            0x2000'0020          --   Gb  - Linker created -
CSTACK$$Limit           0x2000'0420          --   Gb  - Linker created -
DMAMUX_IRQHandler        0x800'0c0d         Code  Wk  startup_gd32c2x1.o [5]
DMA_Channel0_IRQHandler
                         0x800'0bb9         Code  Wk  startup_gd32c2x1.o [5]
DMA_Channel1_IRQHandler
                         0x800'0bbd         Code  Wk  startup_gd32c2x1.o [5]
DMA_Channel2_IRQHandler
                         0x800'0bc1         Code  Wk  startup_gd32c2x1.o [5]
EXTI0_IRQHandler         0x800'0ba5         Code  Wk  startup_gd32c2x1.o [5]
EXTI10_15_IRQHandler     0x800'0c09         Code  Wk  startup_gd32c2x1.o [5]
EXTI1_IRQHandler         0x800'0ba9         Code  Wk  startup_gd32c2x1.o [5]
EXTI2_IRQHandler         0x800'0bad         Code  Wk  startup_gd32c2x1.o [5]
EXTI3_IRQHandler         0x800'0bb1         Code  Wk  startup_gd32c2x1.o [5]
EXTI4_IRQHandler         0x800'0bb5         Code  Wk  startup_gd32c2x1.o [5]
EXTI5_9_IRQHandler       0x800'0bed         Code  Wk  startup_gd32c2x1.o [5]
FMC_IRQHandler           0x800'0b9d         Code  Wk  startup_gd32c2x1.o [5]
GPIO_CLK                 0x800'0b6c    0x8  Data  Lc  gd32c231c_eval.o [3]
GPIO_PIN                 0x800'0b4c   0x10  Data  Lc  gd32c231c_eval.o [3]
GPIO_PORT                0x800'0b3c   0x10  Data  Lc  gd32c231c_eval.o [3]
HardFault_Handler        0x800'09b1    0x2  Code  Gb  gd32c2x1_it.o [1]
I2C0_ER_IRQHandler       0x800'0bd5         Code  Wk  startup_gd32c2x1.o [5]
I2C0_EV_IRQHandler       0x800'0bd1         Code  Wk  startup_gd32c2x1.o [5]
I2C0_WKUP_IRQHandler     0x800'0c19         Code  Wk  startup_gd32c2x1.o [5]
I2C1_ER_IRQHandler       0x800'0bdd         Code  Wk  startup_gd32c2x1.o [5]
I2C1_EV_IRQHandler       0x800'0bd9         Code  Wk  startup_gd32c2x1.o [5]
I2C1_WKUP_IRQHandler     0x800'0c1d         Code  Wk  startup_gd32c2x1.o [5]
NMI_Handler              0x800'0995   0x1c  Code  Gb  gd32c2x1_it.o [1]
PendSV_Handler           0x800'09b5    0x2  Code  Gb  gd32c2x1_it.o [1]
RCU_IRQHandler           0x800'0ba1         Code  Wk  startup_gd32c2x1.o [5]
RTC_Alarm_IRQHandler     0x800'0be9         Code  Wk  startup_gd32c2x1.o [5]
Region$$Table$$Base      0x800'0aac          --   Gb  - Linker created -
Region$$Table$$Limit     0x800'0abc          --   Gb  - Linker created -
Reset_Handler            0x800'0a4d         Code  Wk  startup_gd32c2x1.o [5]
SPI0_IRQHandler          0x800'0be1         Code  Wk  startup_gd32c2x1.o [5]
SPI1_IRQHandler          0x800'0be5         Code  Wk  startup_gd32c2x1.o [5]
SVC_Handler              0x800'09b3    0x2  Code  Gb  gd32c2x1_it.o [1]
SysTick_Handler          0x800'09b7    0x8  Code  Gb  gd32c2x1_it.o [1]
SystemInit               0x800'0745   0x4c  Code  Gb  system_gd32c2x1.o [2]
TIMER0_Channel_IRQHandler
                         0x800'0bf5         Code  Wk  startup_gd32c2x1.o [5]
TIMER0_TRG_CMT_UP_BRK_IRQHandler
                         0x800'0bf1         Code  Wk  startup_gd32c2x1.o [5]
TIMER13_IRQHandler       0x800'0bfd         Code  Wk  startup_gd32c2x1.o [5]
TIMER15_IRQHandler       0x800'0c01         Code  Wk  startup_gd32c2x1.o [5]
TIMER16_IRQHandler       0x800'0c05         Code  Wk  startup_gd32c2x1.o [5]
TIMER2_IRQHandler        0x800'0bf9         Code  Wk  startup_gd32c2x1.o [5]
TIMESTAMP_IRQHandler     0x800'0b99         Code  Wk  startup_gd32c2x1.o [5]
USART0_IRQHandler        0x800'09bf   0x18  Code  Gb  gd32c2x1_it.o [1]
USART0_WKUP_IRQHandler   0x800'0c21         Code  Wk  startup_gd32c2x1.o [5]
USART1_IRQHandler        0x800'0bc9         Code  Wk  startup_gd32c2x1.o [5]
USART2_IRQHandler        0x800'0bcd         Code  Wk  startup_gd32c2x1.o [5]
WWDGT_IRQHandler         0x800'0b95         Code  Wk  startup_gd32c2x1.o [5]
__ICFEDIT_region_RAM_end__ {Abs}
                        0x2000'2fff         Data  Gb  <internal module>
__ICFEDIT_region_RAM_start__ {Abs}
                        0x2000'0000         Data  Gb  <internal module>
__NVIC_EnableIRQ         0x800'081d   0x1c  Code  Lc  gd32c2x1_misc.o [4]
__NVIC_SetPriority       0x800'0839   0x74  Code  Lc  gd32c2x1_misc.o [4]
__aeabi_memcpy4          0x800'02f1         Code  Gb  ABImemcpy.o [7]
__aeabi_memcpy8          0x800'02f1         Code  Gb  ABImemcpy.o [7]
__cmain                  0x800'0abd         Code  Gb  cmain.o [7]
__exit                   0x800'0af5   0x14  Code  Gb  exit.o [8]
__iar_data_init3         0x800'0a85   0x28  Code  Gb  data_init.o [7]
__iar_program_start      0x800'0b09         Code  Gb  cstartup_M.o [7]
__iar_zero_init3         0x800'0a11   0x3c  Code  Gb  zero_init3.o [7]
__low_level_init         0x800'0adb    0x4  Code  Gb  low_level_init.o [6]
__vector_table           0x800'0000         Data  Gb  startup_gd32c2x1.o [5]
_call_main               0x800'0ac9         Code  Gb  cmain.o [7]
_exit                    0x800'0ae9         Code  Gb  cexit.o [7]
delay                   0x2000'0000    0x4  Data  Lc  systick.o [1]
delay_decrement          0x800'09fd   0x10  Code  Gb  systick.o [1]
exit                     0x800'0adf    0x8  Code  Gb  exit.o [6]
gd_eval_com_init         0x800'0687   0xa2  Code  Gb  gd32c231c_eval.o [3]
gd_eval_led_init         0x800'05fd   0x5a  Code  Gb  gd32c231c_eval.o [3]
gd_eval_led_off          0x800'066f   0x18  Code  Gb  gd32c231c_eval.o [3]
gd_eval_led_on           0x800'0657   0x18  Code  Gb  gd32c231c_eval.o [3]
gpio_af_set              0x800'056b   0x90  Code  Gb  gd32c2x1_gpio.o [4]
gpio_mode_set            0x800'04a5   0x62  Code  Gb  gd32c2x1_gpio.o [4]
gpio_output_options_set
                         0x800'0507   0x64  Code  Gb  gd32c2x1_gpio.o [4]
led_config               0x800'0923   0x10  Code  Gb  main.o [1]
led_flash                0x800'0933   0x24  Code  Gb  main.o [1]
main                     0x800'08ed   0x36  Code  Gb  main.o [1]
nvic_irq_enable          0x800'08ad   0x1c  Code  Gb  gd32c2x1_misc.o [4]
nvic_vector_table_set    0x800'08c9   0x10  Code  Gb  gd32c2x1_misc.o [4]
pmu_to_sleepmode         0x800'0975   0x1c  Code  Gb  gd32c2x1_pmu.o [4]
rcu_clock_freq_get       0x800'0169  0x160  Code  Gb  gd32c2x1_rcu.o [4]
rcu_irc48mdiv_sys_clock_config
                         0x800'014f   0x12  Code  Gb  gd32c2x1_rcu.o [4]
rcu_periph_clock_enable
                         0x800'00dd   0x26  Code  Gb  gd32c2x1_rcu.o [4]
rcu_periph_reset_disable
                         0x800'0129   0x26  Code  Gb  gd32c2x1_rcu.o [4]
rcu_periph_reset_enable
                         0x800'0103   0x26  Code  Gb  gd32c2x1_rcu.o [4]
soft_delay               0x800'0957   0x14  Code  Gb  main.o [1]
syscfg_interrupt_flag_get
                         0x800'09e1   0x18  Code  Gb  gd32c2x1_syscfg.o [4]
system_clock_config      0x800'0791    0x8  Code  Lc  system_gd32c2x1.o [2]
system_clock_irc48m      0x800'0799   0x62  Code  Lc  system_gd32c2x1.o [2]
usart_baudrate_set       0x800'0371   0x76  Code  Gb  gd32c2x1_usart.o [4]
usart_data_receive       0x800'0425    0xe  Code  Gb  gd32c2x1_usart.o [4]
usart_deinit             0x800'0325   0x4c  Code  Gb  gd32c2x1_usart.o [4]
usart_enable             0x800'03e7    0xa  Code  Gb  gd32c2x1_usart.o [4]
usart_interrupt_enable   0x800'0433   0x2c  Code  Gb  gd32c2x1_usart.o [4]
usart_interrupt_flag_get
                         0x800'045f   0x44  Code  Gb  gd32c2x1_usart.o [4]
usart_receive_config     0x800'0405   0x14  Code  Gb  gd32c2x1_usart.o [4]
usart_transmit_config    0x800'03f1   0x14  Code  Gb  gd32c2x1_usart.o [4]


[1] = E:\RTOS\GD32\gd32c2x1c8\GD32C231C_EVAL_Demo_Suites\Projects\13_PMU_Sleep_Wakeup\EWARM\GD32C2x1\Obj\Application
[2] = E:\RTOS\GD32\gd32c2x1c8\GD32C231C_EVAL_Demo_Suites\Projects\13_PMU_Sleep_Wakeup\EWARM\GD32C2x1\Obj\CMSIS
[3] = E:\RTOS\GD32\gd32c2x1c8\GD32C231C_EVAL_Demo_Suites\Projects\13_PMU_Sleep_Wakeup\EWARM\GD32C2x1\Obj\GD32C2x1_EVAL
[4] = E:\RTOS\GD32\gd32c2x1c8\GD32C231C_EVAL_Demo_Suites\Projects\13_PMU_Sleep_Wakeup\EWARM\GD32C2x1\Obj\GD32C2x1_Peripherals
[5] = E:\RTOS\GD32\gd32c2x1c8\GD32C231C_EVAL_Demo_Suites\Projects\13_PMU_Sleep_Wakeup\EWARM\GD32C2x1\Obj\Startup
[6] = dl6M_tlf.a
[7] = rt6M_tl.a
[8] = shb_l.a

  2'978 bytes of readonly  code memory
    130 bytes of readonly  data memory
  1'028 bytes of readwrite data memory

Errors: none
Warnings: none
